{"all": 1, "particularly": 1, "just": 1, "being": 1, "consent": 1, "supported": 1, "not": 5, "same": 1, "committed": 1, "excessive": 2, "bail": 1, "quartered": 1, "religion": 1, "iii": 1, "except": 1, "crime": 2, "to": 22, "preserved": 1, "criminal": 2, "petition": 1, "his": 2, "seized": 1, "forces": 1, "government": 1, "rules": 1, "presentment": 1, "papers": 1, "bear": 1, "compelled": 1, "effects": 1, "press": 1, "necessary": 1, "him": 1, "nor": 8, "grievances": 1, "imposed": 1, "held": 1, "issue": 1, "twice": 1, "common": 2, "x": 1, "security": 1, "disparage": 1, "where": 1, "amendment": 10, "exceed": 1, "right": 5, "infringed": 1, "people": 5, "construed": 1, "house": 1, "violated": 1, "owner": 1, "redress": 1, "are": 1, "witness": 1, "subject": 1, "describing": 1, "probable": 1, "for": 6, "jeopardy": 1, "compensation": 1, "liberty": 1, "witnesses": 2, "favor": 1, "state": 2, "capital": 1, "cause": 2, "public": 3, "exercise": 1, "viii": 1, "be": 20, "jury": 4, "nature": 1, "respectively": 1, "of": 24, "use": 1, "free": 2, "houses": 1, "prohibited": 1, "others": 1, "assemble": 1, "delegated": 1, "punishments": 1, "on": 1, "actual": 1, "naval": 1, "deprived": 1, "dollars": 1, "according": 1, "against": 3, "keep": 1, "soldier": 1, "affirmation": 1, "speedy": 1, "confronted": 1, "or": 15, "otherwise": 2, "enjoy": 1, "secure": 1, "danger": 1, "previously": 1, "warrants": 1, "vii": 1, "obtaining": 1, "private": 1, "arms": 1, "accusation": 1, "put": 1, "respecting": 1, "regulated": 1, "limb": 1, "prohibiting": 1, "inflicted": 1, "seizures": 1, "unusual": 1, "accused": 1, "service": 1, "twenty": 1, "informed": 1, "due": 1, "been": 2, "by": 9, "their": 1, "vi": 1, "taken": 1, "war": 2, "peaceably": 1, "searches": 1, "life": 2, "himself": 1, "suits": 1, "freedom": 1, "but": 2, "abridging": 1, "retained": 1, "cases": 1, "an": 2, "with": 1, "than": 1, "case": 1, "ii": 1, "counsel": 1, "rights": 1, "prosecutions": 1, "value": 1, "cruel": 1, "defense": 1, "fines": 1, "v": 1, "property": 2, "powers": 1, "reexamined": 1, "manner": 1, "and": 14, "ix": 1, "required": 1, "reserved": 1, "process": 2, "certain": 1, "it": 1, "iv": 1, "states": 4, "at": 1, "have": 4, "in": 18, "offense": 1, "controversy": 1, "any": 4, "united": 2, "court": 1, "trial": 2, "things": 1, "make": 1, "peace": 1, "when": 1, "enumeration": 1, "wherein": 1, "speech": 1, "which": 1, "grand": 1, "answer": 1, "militia": 2, "indictment": 1, "establishment": 1, "thereof": 1, "unless": 1, "tried": 1, "congress": 1, "shall": 17, "impartial": 1, "time": 3, "upon": 1, "persons": 2, "district": 2, "law": 6, "compulsory": 1, "infamous": 1, "constitution": 2, "a": 10, "prescribed": 1, "deny": 1, "land": 1, "i": 1, "oath": 1, "no": 5, "well": 1, "unreasonable": 1, "person": 2, "ascertained": 1, "without": 3, "place": 1, "searched": 1, "the": 40, "arising": 1, "assistance": 1, "fact": 1}
